-- dumping data dictionary for `test1`
-- records: 8 fields: 16 indexes: 2 blocksize: 0x1000
CREATE TABLE [test1] (
	 [EquationID] INT,
	 [Code] VARCHAR(7),
	 [Name] VARCHAR(101),
	 [Include] BIT,
	 [EquationType] INT,
	 [A] REAL,
	 [B] REAL,
	 [C] REAL,
	 [StartMonth] INT,
	 [StartDay] INT,
	 [EndMonth] INT,
	 [EndDay] INT,
	 [Source] VARCHAR(41),
	 [Deleted] BIT,
	 [Reserved1] REAL,
	 [Reserved2] REAL,
);
-- dumping content for `test1`
INSERT INTO [test1] VALUES(
	1,
	'',
	'Height',
	false,
	1,
	0,
	1,
	0,
	0,
	0,
	0,
	0,
	'',
	false,
	0,
	0,
INSERT INTO [test1] VALUES(
	2,
	'',
	'Standard Platemeter',
	false,
	2,
	150,
	160,
	0,
	0,
	0,
	0,
	0,
	'',
	false,
	0,
	0,
INSERT INTO [test1] VALUES(
	3,
	'',
	'Standard Probe',
	false,
	3,
	100,
	2,
	-0.65,
	0,
	0,
	0,
	0,
	'',
	false,
	0,
	0,
INSERT INTO [test1] VALUES(
	4,
	'',
	'Plate - Summer',
	false,
	0,
	2000,
	300,
	0,
	0,
	0,
	0,
	0,
	'',
	false,
	0,
	0,
INSERT INTO [test1] VALUES(
	5,
	'',
	'PM Dexcell',
	false,
	0,
	150,
	500,
	0,
	0,
	0,
	0,
	0,
	'',
	false,
	0,
	0,
INSERT INTO [test1] VALUES(
	6,
	'',
	'FR Default',
	false,
	0,
	100,
	27,
	0,
	0,
	0,
	0,
	0,
	'Chris ',
	false,
	0,
	0,
INSERT INTO [test1] VALUES(
	7,
	'',
	'FR 11',
	false,
	0,
	1350,
	11.5,
	0,
	0,
	0,
	0,
	0,
	'',
	false,
	0,
	0,
INSERT INTO [test1] VALUES(
	8,
	'',
	'FR 27.5',
	false,
	0,
	250,
	27.5,
	0,
	0,
	0,
	0,
	0,
	'',
	false,
	0,
	0,
