-- dumping data dictionary for `test3`
-- records: 130 fields: 54 indexes: 2 blocksize: 0x1000
CREATE TABLE [test3] (
	 [ProblemID] INT,
	 [Code] VARCHAR(7),
	 [StdCode] VARCHAR(13),
	 [UserCode] VARCHAR(13),
	 [CountryID] INT,
	 [CropOrStock] INT,
	 [Name] VARCHAR(101),
	 [Abbrev] VARCHAR(16),
	 [ProblemTypeID] INT,
	 [ScientificName] VARCHAR(101),
	 [BioAssay] BIT,
	 [SeverityID] INT,
	 [MonoDicotID] INT,
	 [UseIntGSSystem] BIT,
	 [DoGrowthStage] BIT,
	 [DoSamplingType] BIT,
	 [DoPlantPart] BIT,
	 [DoDensity] BIT,
	 [DoSize] BIT,
	 [DoRatingPercent] BIT,
	 [DoRatingCategory] BIT,
	 [DoHostInfectPercent] BIT,
	 [GSSystemID] INT,
	 [DensityTypeID] INT,
	 [DensityUnitID] INT,
	 [SizeTypeID] INT,
	 [SizeUnitID] INT,
	 [RateCategName1] VARCHAR(31),
	 [RateCategName2] VARCHAR(31),
	 [RateCategName3] VARCHAR(31),
	 [RateCategName4] VARCHAR(31),
	 [RateCategName5] VARCHAR(31),
	 [RateCategDesc1] TEXT,
	 [RateCategDesc2] TEXT,
	 [RateCategDesc3] TEXT,
	 [RateCategDesc4] TEXT,
	 [RateCategDesc5] TEXT,
	 [SymbolID] INT,
	 [ForeColor] INT,
	 [BackColor] INT,
	 [HatchID] INT,
	 [PhotoFileName] TEXT,
	 [Deleted] BIT,
	 [Comment] TEXT,
	 [TestLevel1] VARCHAR(31),
	 [TestLevel2] VARCHAR(31),
	 [TestLevel3] VARCHAR(31),
	 [TestLevel4] VARCHAR(31),
	 [TestLevel5] VARCHAR(31),
	 [TestUnit1] VARCHAR(21),
	 [TestUnit2] VARCHAR(21),
	 [TestUnit3] VARCHAR(21),
	 [TestUnit4] VARCHAR(21),
	 [TestUnit5] VARCHAR(21)
);
-- dumping content for `test3`
INSERT INTO [test3] VALUES(
	7,
	'',
	'',
	'',
	0,
	0,
	'PregnancyToxaemia',
	'PregnancyToxaem',
	3,
	'PregnancyToxaemia',
	false,
	0,
	594,
	false,
	false,
	false,
	false,
	false,
	false,
	false,
	false,
	false,
	0,
	638,
	635,
	632,
	27,
	'',
	'',
	'',
	'',
	'',
	'',
	'',
	'',
	'',
	'',
	0,
	2,
	0,
	1,
	'',
	false,
	'',
	'',
	'',
	'',
	'',
	'',
	'',
	'',
	'',
	'',
	''
);
INSERT INTO [test3] VALUES(
	77,
	'',
	'',
	'',
	0,
	0,
	'Angoumois grain moth Sitotroga cerealella',
	'Angoumois grain',
	1,
	'',
	false,
	0,
	594,
	false,
	false,
	false,
	false,
	false,
	false,
	false,
	false,
	false,
	0,
	638,
	635,
	632,
	54,
	'',
	'',
	'',
	'',
	'',
	'',
	'',
	'',
	'',
	'',
	0,
	32,
	0,
	0,
	'',
	false,
	'',
	'',
	'',
	'',
	'',
	'',
	'',
	'',
	'',
	'',
	''
);
INSERT INTO [test3] VALUES(
	8,
	'',
	'',
	'',
	0,
	0,
	'Sleepy Sickness',
	'Sleepy Sickness',
	3,
	'',
	false,
	0,
	594,
	false,
	false,
	false,
	false,
	false,
	false,
	false,
	false,
	false,
	0,
	638,
	635,
	632,
	27,
	'',
	'',
	'',
	'',
	'',
	'',
	'',
	'',
	'',
	'',
	0,
	32,
	0,
	0,
	'',
	false,
	'',
	'',
	'',
	'',
	'',
	'',
	'',
	'',
	'',
	'',
	''
);
INSERT INTO [test3] VALUES(
	6,
	'',
	'',
	'',
	0,
	0,
	'Milk Fever',
	'Milk Fever',
	3,
	'Hypocalcaemia',
	false,
	0,
	594,
	false,
	false,
	false,
	false,
	false,
	false,
	false,
	false,
	false,
	0,
	638,
	635,
	632,
	27,
	'',
	'',
	'',
	'',
	'',
	'',
	'',
	'',
	'',
	'',
	0,
	1,
	0,
	1,
	'',
	false,
	'',
	'',
	'',
	'',
	'',
	'',
	'',
	'',
	'',
	'',
	''
);
INSERT INTO [test3] VALUES(
	9,
	'',
	'',
	'',
	0,
	0,
	'Clostridial Diseases',
	'Clostridial Dis',
	3,
	'Various',
	false,
	0,
	594,
	false,
	false,
	false,
	false,
	false,
	false,
	false,
	false,
	false,
	0,
	638,
	635,
	632,
	27,
	'',
	'',
	'',
	'',
	'',
	'',
	'',
	'',
	'',
	'',
	0,
	3,
	0,
	1,
	'',
	false,
	'',
	'',
	'',
	'',
	'',
	'',
	'',
	'',
	'',
	'',
	''
);
INSERT INTO [test3] VALUES(
	10,
	'',
	'',
	'',
	0,
	0,
	'Pulpy Kidney',
	'Pulpy Kidney',
	3,
	'Clostridial Disease',
	false,
	0,
	594,
	false,
	false,
	false,
	false,
	false,
	false,
	false,
	false,
	false,
	0,
	638,
	635,
	632,
	27,
	'',
	'',
	'',
	'',
	'',
	'',
	'',
	'',
	'',
	'',
	0,
	4,
	0,
	1,
	'',
	false,
	'',
	'',
	'',
	'',
	'',
	'',
	'',
	'',
	'',
	'',
	''
);
INSERT INTO [test3] VALUES(
	11,
	'',
	'',
	'',
	0,
	0,
	'Blood Poisoning',
	'Blood Poisoning',
	3,
	'Clostridial Disease',
	false,
	0,
	594,
	false,
	false,
	false,
	false,
	false,
	false,
	false,
	false,
	false,
	0,
	638,
	635,
	632,
	27,
	'',
	'',
	'',
	'',
	'',
	'',
	'',
	'',
	'',
	'',
	0,
	5,
	0,
	1,
	'',
	false,
	'',
	'',
	'',
	'',
	'',
	'',
	'',
	'',
	'',
	'',
	''
);
INSERT INTO [test3] VALUES(
	12,
	'',
	'',
	'',
	0,
	0,
	'Malignant Oedema',
	'Malignant Oedem',
	3,
	'Clostridial Disease',
	false,
	0,
	594,
	false,
	false,
	false,
	false,
	false,
	false,
	false,
	false,
	false,
	0,
	638,
	635,
	632,
	27,
	'',
	'',
	'',
	'',
	'',
	'',
	'',
	'',
	'',
	'',
	0,
	6,
	0,
	1,
	'',
	false,
	'',
	'',
	'',
	'',
	'',
	'',
	'',
	'',
	'',
	'',
	''
);
INSERT INTO [test3] VALUES(
	13,
	'',
	'',
	'',
	0,
	0,
	'Lactic Acidosis',
	'Lactic Acidosis',
	3,
	'',
	false,
	0,
	594,
	false,
	false,
	false,
	false,
	false,
	false,
	false,
	false,
	false,
	0,
	638,
	635,
	632,
	27,
	'',
	'',
	'',
	'',
	'',
	'',
	'',
	'',
	'',
	'',
	0,
	7,
	0,
	1,
	'',
	false,
	'',
	'',
	'',
	'',
	'',
	'',
	'',
	'',
	'',
	'',
	''
);
INSERT INTO [test3] VALUES(
	14,
	'',
	'',
	'',
	0,
	0,
	'Foot Rot - Sheep',
	'Foot Rot - Shee',
	3,
	'Dichelobacter nodosus',
	false,
	0,
	594,
	false,
	false,
	false,
	false,
	false,
	false,
	false,
	false,
	false,
	0,
	638,
	635,
	632,
	27,
	'',
	'',
	'',
	'',
	'',
	'',
	'',
	'',
	'',
	'',
	0,
	8,
	0,
	1,
	'',
	false,
	'',
	'',
	'',
	'',
	'',
	'',
	'',
	'',
	'',
	'',
	''
);
INSERT INTO [test3] VALUES(
	15,
	'',
	'',
	'',
	0,
	0,
	'Tetanus',
	'Tetanus',
	3,
	'Clostridial Diseases',
	false,
	0,
	594,
	false,
	false,
	false,
	false,
	false,
	false,
	false,
	false,
	false,
	0,
	638,
	635,
	632,
	27,
	'',
	'',
	'',
	'',
	'',
	'',
	'',
	'',
	'',
	'',
	0,
	10,
	0,
	1,
	'',
	false,
	'',
	'',
	'',
	'',
	'',
	'',
	'',
	'',
	'',
	'',
	''
);
INSERT INTO [test3] VALUES(
	16,
	'',
	'',
	'',
	0,
	0,
	'Hogget Pneumonia',
	'Hogget Pneumoni',
	3,
	'Enzootic Pneumonia',
	false,
	0,
	594,
	false,
	false,
	false,
	false,
	false,
	false,
	false,
	false,
	false,
	0,
	638,
	635,
	632,
	27,
	'',
	'',
	'',
	'',
	'',
	'',
	'',
	'',
	'',
	'',
	0,
	11,
	0,
	1,
	'',
	false,
	'',
	'',
	'',
	'',
	'',
	'',
	'',
	'',
	'',
	'',
	''
);
INSERT INTO [test3] VALUES(
	17,
	'',
	'',
	'',
	0,
	0,
	'CLA Lympho',
	'CLA Lympho',
	3,
	'Caseous Lymphadenitis',
	false,
	0,
	594,
	false,
	false,
	false,
	false,
	false,
	false,
	false,
	false,
	false,
	0,
	638,
	635,
	632,
	27,
	'',
	'',
	'',
	'',
	'',
	'',
	'',
	'',
	'',
	'',
	0,
	12,
	0,
	1,
	'',
	false,
	'',
	'',
	'',
	'',
	'',
	'',
	'',
	'',
	'',
	'',
	''
);
INSERT INTO [test3] VALUES(
	18,
	'',
	'',
	'',
	0,
	0,
	'Scabby Mouth',
	'Scabby Mouth',
	3,
	'Contagious Ecthyma',
	false,
	0,
	594,
	false,
	false,
	false,
	false,
	false,
	false,
	false,
	false,
	false,
	0,
	638,
	635,
	632,
	27,
	'',
	'',
	'',
	'',
	'',
	'',
	'',
	'',
	'',
	'',
	0,
	13,
	0,
	1,
	'',
	false,
	'This doesn't work yet',
	'',
	'',
	'',
	'',
	'',
	'',
	'',
	'',
	'',
	''
);
INSERT INTO [test3] VALUES(
	19,
	'',
	'',
	'',
	0,
	0,
	'Johne's Disease',
	'Johne's Disease',
	3,
	'Mycobacterium paratuberculosis',
	false,
	0,
	594,
	false,
	false,
	false,
	false,
	false,
	false,
	false,
	false,
	false,
	0,
	638,
	635,
	632,
	27,
	'',
	'',
	'',
	'',
	'',
	'',
	'',
	'',
	'',
	'',
	0,
	14,
	0,
	1,
	'',
	false,
	'',
	'',
	'',
	'',
	'',
	'',
	'',
	'',
	'',
	'',
	''
);
INSERT INTO [test3] VALUES(
	20,
	'',
	'',
	'',
	0,
	0,
	'Toxo Abortion',
	'Toxo Abortion',
	3,
	'Toxoplasmosis',
	false,
	0,
	594,
	false,
	false,
	false,
	false,
	false,
	false,
	false,
	false,
	false,
	0,
	638,
	635,
	632,
	27,
	'',
	'',
	'',
	'',
	'',
	'',
	'',
	'',
	'',
	'',
	0,
	15,
	0,
	1,
	'',
	false,
	'This doesn't work yet',
	'',
	'',
	'',
	'',
	'',
	'',
	'',
	'',
	'',
	''
);
INSERT INTO [test3] VALUES(
	21,
	'',
	'',
	'',
	0,
	0,
	'Campylobacter Abortion',
	'Campylobacter A',
	3,
	'',
	false,
	0,
	594,
	false,
	false,
	false,
	false,
	false,
	false,
	false,
	false,
	false,
	0,
	638,
	635,
	632,
	27,
	'',
	'',
	'',
	'',
	'',
	'',
	'',
	'',
	'',
	'',
	0,
	32,
	0,
	0,
	'',
	false,
	'',
	'',
	'',
	'',
	'',
	'',
	'',
	'',
	'',
	'',
	''
);
INSERT INTO [test3] VALUES(
	22,
	'',
	'',
	'',
	0,
	0,
	'Border Disease',
	'Border Disease',
	3,
	'',
	false,
	0,
	594,
	false,
	false,
	false,
	false,
	false,
	false,
	false,
	false,
	false,
	0,
	638,
	635,
	632,
	27,
	'',
	'',
	'',
	'',
	'',
	'',
	'',
	'',
	'',
	'',
	0,
	32,
	0,
	0,
	'',
	false,
	'This doesn't work yet',
	'',
	'',
	'',
	'',
	'',
	'',
	'',
	'',
	'',
	''
);
INSERT INTO [test3] VALUES(
	23,
	'',
	'',
	'',
	0,
	0,
	'Listerosis',
	'Listerosis',
	3,
	'',
	false,
	0,
	594,
	false,
	false,
	false,
	false,
	false,
	false,
	false,
	false,
	false,
	0,
	638,
	635,
	632,
	27,
	'',
	'',
	'',
	'',
	'',
	'',
	'',
	'',
	'',
	'',
	0,
	16,
	0,
	1,
	'',
	false,
	'',
	'',
	'',
	'',
	'',
	'',
	'',
	'',
	'',
	'',
	''
);
INSERT INTO [test3] VALUES(
	24,
	'',
	'',
	'',
	0,
	0,
	'Brucellosis',
	'Brucellosis',
	3,
	'Epididymitis',
	false,
	0,
	594,
	false,
	false,
	false,
	false,
	false,
	false,
	false,
	false,
	false,
	0,
	638,
	635,
	632,
	27,
	'',
	'',
	'',
	'',
	'',
	'',
	'',
	'',
	'',
	'',
	0,
	17,
	0,
	1,
	'',
	false,
	'',
	'',
	'',
	'',
	'',
	'',
	'',
	'',
	'',
	'',
	''
);
INSERT INTO [test3] VALUES(
	25,
	'',
	'',
	'',
	0,
	0,
	'Salmonella Brandenburg',
	'Salmonella Bran',
	3,
	'',
	false,
	0,
	594,
	false,
	false,
	false,
	false,
	false,
	false,
	false,
	false,
	false,
	0,
	638,
	635,
	632,
	27,
	'',
	'',
	'',
	'',
	'',
	'',
	'',
	'',
	'',
	'',
	0,
	18,
	0,
	1,
	'',
	false,
	'',
	'',
	'',
	'',
	'',
	'',
	'',
	'',
	'',
	'',
	''
);
INSERT INTO [test3] VALUES(
	26,
	'',
	'',
	'',
	0,
	0,
	'Laminitis',
	'Laminitis',
	3,
	'',
	false,
	0,
	594,
	false,
	false,
	false,
	false,
	false,
	false,
	false,
	false,
	false,
	0,
	638,
	635,
	632,
	27,
	'',
	'',
	'',
	'',
	'',
	'',
	'',
	'',
	'',
	'',
	0,
	19,
	0,
	1,
	'',
	false,
	'',
	'',
	'',
	'',
	'',
	'',
	'',
	'',
	'',
	'',
	''
);
INSERT INTO [test3] VALUES(
	27,
	'',
	'',
	'',
	0,
	0,
	'Mastitis',
	'Mastitis',
	3,
	'',
	false,
	0,
	594,
	false,
	false,
	false,
	false,
	false,
	false,
	false,
	false,
	false,
	0,
	638,
	635,
	632,
	27,
	'',
	'',
	'',
	'',
	'',
	'',
	'',
	'',
	'',
	'',
	0,
	20,
	0,
	1,
	'',
	false,
	'',
	'',
	'',
	'',
	'',
	'',
	'',
	'',
	'',
	'',
	''
);
INSERT INTO [test3] VALUES(
	28,
	'',
	'',
	'',
	0,
	0,
	'Footrot - Cattle',
	'Footrot - Cattl',
	3,
	'',
	false,
	0,
	594,
	false,
	false,
	false,
	false,
	false,
	false,
	false,
	false,
	false,
	0,
	638,
	635,
	632,
	27,
	'',
	'',
	'',
	'',
	'',
	'',
	'',
	'',
	'',
	'',
	0,
	21,
	0,
	1,
	'',
	false,
	'',
	'',
	'',
	'',
	'',
	'',
	'',
	'',
	'',
	'',
	''
);
INSERT INTO [test3] VALUES(
	29,
	'',
	'',
	'',
	0,
	0,
	'Woody Tongue',
	'Woody Tongue',
	3,
	'Actinobacillosis',
	false,
	0,
	594,
	false,
	false,
	false,
	false,
	false,
	false,
	false,
	false,
	false,
	0,
	638,
	635,
	632,
	27,
	'',
	'',
	'',
	'',
	'',
	'',
	'',
	'',
	'',
	'',
	0,
	22,
	0,
	1,
	'',
	false,
	'',
	'',
	'',
	'',
	'',
	'',
	'',
	'',
	'',
	'',
	''
);
INSERT INTO [test3] VALUES(
	30,
	'',
	'',
	'',
	0,
	0,
	'Lumpy Jaw',
	'Lumpy Jaw',
	3,
	'Actinomycosis',
	false,
	0,
	594,
	false,
	false,
	false,
	false,
	false,
	false,
	false,
	false,
	false,
	0,
	638,
	635,
	632,
	27,
	'',
	'',
	'',
	'',
	'',
	'',
	'',
	'',
	'',
	'',
	0,
	23,
	0,
	1,
	'',
	false,
	'',
	'',
	'',
	'',
	'',
	'',
	'',
	'',
	'',
	'',
	''
);
INSERT INTO [test3] VALUES(
	31,
	'',
	'',
	'',
	0,
	0,
	'Tuberculosis',
	'Tuberculosis',
	3,
	'Mycobacterium bovis',
	false,
	0,
	594,
	false,
	false,
	false,
	false,
	false,
	false,
	false,
	false,
	false,
	0,
	638,
	635,
	632,
	27,
	'',
	'',
	'',
	'',
	'',
	'',
	'',
	'',
	'',
	'',
	0,
	24,
	0,
	1,
	'',
	false,
	'',
	'',
	'',
	'',
	'',
	'',
	'',
	'',
	'',
	'',
	''
);
INSERT INTO [test3] VALUES(
	32,
	'',
	'',
	'',
	0,
	0,
	'Leptospiral Abortion',
	'Leptospiral Abo',
	3,
	'',
	false,
	0,
	594,
	false,
	false,
	false,
	false,
	false,
	false,
	false,
	false,
	false,
	0,
	638,
	635,
	632,
	27,
	'',
	'',
	'',
	'',
	'',
	'',
	'',
	'',
	'',
	'',
	0,
	25,
	0,
	1,
	'',
	false,
	'',
	'',
	'',
	'',
	'',
	'',
	'',
	'',
	'',
	'',
	''
);
INSERT INTO [test3] VALUES(
	33,
	'',
	'',
	'',
	0,
	0,
	'Macrocarpa Abortion',
	'Macrocarpa Abor',
	3,
	'',
	false,
	0,
	594,
	false,
	false,
	false,
	false,
	false,
	false,
	false,
	false,
	false,
	0,
	638,
	635,
	632,
	27,
	'',
	'',
	'',
	'',
	'',
	'',
	'',
	'',
	'',
	'',
	0,
	26,
	0,
	1,
	'',
	false,
	'',
	'',
	'',
	'',
	'',
	'',
	'',
	'',
	'',
	'',
	''
);
INSERT INTO [test3] VALUES(
	34,
	'',
	'',
	'',
	0,
	0,
	'BVD',
	'BVD',
	3,
	'',
	false,
	0,
	594,
	false,
	false,
	false,
	false,
	false,
	false,
	false,
	false,
	false,
	0,
	638,
	635,
	632,
	27,
	'',
	'',
	'',
	'',
	'',
	'',
	'',
	'',
	'',
	'',
	0,
	27,
	0,
	1,
	'',
	false,
	'This doesn't work yet',
	'',
	'',
	'',
	'',
	'',
	'',
	'',
	'',
	'',
	''
);
INSERT INTO [test3] VALUES(
	35,
	'',
	'',
	'',
	0,
	0,
	'Enzootic Bovine Leucosis(EBL)',
	'Enzootic Bovine',
	3,
	'',
	false,
	0,
	594,
	false,
	false,
	false,
	false,
	false,
	false,
	false,
	false,
	false,
	0,
	638,
	635,
	632,
	27,
	'',
	'',
	'',
	'',
	'',
	'',
	'',
	'',
	'',
	'',
	0,
	28,
	0,
	1,
	'',
	false,
	'',
	'',
	'',
	'',
	'',
	'',
	'',
	'',
	'',
	'',
	''
);
INSERT INTO [test3] VALUES(
	36,
	'',
	'',
	'',
	0,
	0,
	'Fungal Abortion',
	'Fungal Abortion',
	3,
	'',
	false,
	0,
	594,
	false,
	false,
	false,
	false,
	false,
	false,
	false,
	false,
	false,
	0,
	638,
	635,
	632,
	27,
	'',
	'',
	'',
	'',
	'',
	'',
	'',
	'',
	'',
	'',
	0,
	29,
	0,
	1,
	'',
	false,
	'',
	'',
	'',
	'',
	'',
	'',
	'',
	'',
	'',
	'',
	''
);
INSERT INTO [test3] VALUES(
	37,
	'',
	'',
	'',
	0,
	0,
	'Neospora Abortion',
	'Neospora Aborti',
	3,
	'',
	false,
	0,
	594,
	false,
	false,
	false,
	false,
	false,
	false,
	false,
	false,
	false,
	0,
	638,
	635,
	632,
	27,
	'',
	'',
	'',
	'',
	'',
	'',
	'',
	'',
	'',
	'',
	0,
	30,
	0,
	1,
	'',
	false,
	'',
	'',
	'',
	'',
	'',
	'',
	'',
	'',
	'',
	'',
	''
);
INSERT INTO [test3] VALUES(
	38,
	'',
	'',
	'',
	0,
	0,
	'Cooperia Infection',
	'Cooperia Infect',
	3,
	'',
	false,
	0,
	594,
	false,
	false,
	false,
	false,
	false,
	false,
	false,
	false,
	false,
	0,
	638,
	635,
	632,
	27,
	'',
	'',
	'',
	'',
	'',
	'',
	'',
	'',
	'',
	'',
	0,
	31,
	0,
	1,
	'',
	false,
	'',
	'',
	'',
	'',
	'',
	'',
	'',
	'',
	'',
	'',
	''
);
INSERT INTO [test3] VALUES(
	39,
	'',
	'',
	'',
	0,
	0,
	'Yersiniosis',
	'Yersiniosis',
	3,
	'',
	false,
	0,
	594,
	false,
	false,
	false,
	false,
	false,
	false,
	false,
	false,
	false,
	0,
	638,
	635,
	632,
	27,
	'',
	'',
	'',
	'',
	'',
	'',
	'',
	'',
	'',
	'',
	0,
	1,
	0,
	1,
	'',
	false,
	'',
	'',
	'',
	'',
	'',
	'',
	'',
	'',
	'',
	'',
	''
);
INSERT INTO [test3] VALUES(
	40,
	'',
	'',
	'',
	0,
	0,
	'Tuberculosis - Deer',
	'Tuberculosis - ',
	3,
	'',
	false,
	0,
	594,
	false,
	false,
	false,
	false,
	false,
	false,
	false,
	false,
	false,
	0,
	638,
	635,
	632,
	27,
	'',
	'',
	'',
	'',
	'',
	'',
	'',
	'',
	'',
	'',
	0,
	2,
	0,
	1,
	'',
	false,
	'',
	'',
	'',
	'',
	'',
	'',
	'',
	'',
	'',
	'',
	''
);
INSERT INTO [test3] VALUES(
	41,
	'',
	'',
	'',
	0,
	0,
	'Malignant Catarrhal Fever',
	'Malignant Catar',
	3,
	'',
	false,
	0,
	594,
	false,
	false,
	false,
	false,
	false,
	false,
	false,
	false,
	false,
	0,
	638,
	635,
	632,
	27,
	'',
	'',
	'',
	'',
	'',
	'',
	'',
	'',
	'',
	'',
	0,
	3,
	0,
	1,
	'',
	false,
	'',
	'',
	'',
	'',
	'',
	'',
	'',
	'',
	'',
	'',
	''
);
INSERT INTO [test3] VALUES(
	42,
	'',
	'',
	'',
	0,
	0,
	'Deer Scabby Mouth',
	'Deer Scabby Mou',
	3,
	'',
	false,
	0,
	594,
	false,
	false,
	false,
	false,
	false,
	false,
	false,
	false,
	false,
	0,
	638,
	635,
	632,
	27,
	'',
	'',
	'',
	'',
	'',
	'',
	'',
	'',
	'',
	'',
	0,
	4,
	0,
	1,
	'',
	false,
	'',
	'',
	'',
	'',
	'',
	'',
	'',
	'',
	'',
	'',
	''
);
INSERT INTO [test3] VALUES(
	43,
	'',
	'',
	'',
	0,
	0,
	'Facial Eczema',
	'Facial Eczema',
	3,
	'Mycotoxin',
	false,
	0,
	594,
	false,
	false,
	false,
	false,
	false,
	false,
	false,
	false,
	false,
	0,
	638,
	635,
	632,
	27,
	'',
	'',
	'',
	'',
	'',
	'',
	'',
	'',
	'',
	'',
	0,
	5,
	0,
	1,
	'',
	false,
	'This doesn't work yet',
	'',
	'',
	'',
	'',
	'',
	'',
	'',
	'',
	'',
	''
);
INSERT INTO [test3] VALUES(
	44,
	'',
	'',
	'',
	0,
	0,
	'Mycotoxicoses',
	'Mycotoxicoses',
	3,
	'Various',
	false,
	0,
	594,
	false,
	false,
	false,
	false,
	false,
	false,
	false,
	false,
	false,
	0,
	638,
	635,
	632,
	27,
	'',
	'',
	'',
	'',
	'',
	'',
	'',
	'',
	'',
	'',
	0,
	6,
	0,
	1,
	'',
	false,
	'',
	'',
	'',
	'',
	'',
	'',
	'',
	'',
	'',
	'',
	''
);
INSERT INTO [test3] VALUES(
	45,
	'',
	'',
	'',
	0,
	0,
	'Ryegrass Staggers',
	'Ryegrass Stagge',
	3,
	'',
	false,
	0,
	594,
	false,
	false,
	false,
	false,
	false,
	false,
	false,
	false,
	false,
	0,
	638,
	635,
	632,
	27,
	'',
	'',
	'',
	'',
	'',
	'',
	'',
	'',
	'',
	'',
	0,
	32,
	0,
	0,
	'',
	false,
	'',
	'',
	'',
	'',
	'',
	'',
	'',
	'',
	'',
	'',
	''
);
INSERT INTO [test3] VALUES(
	46,
	'',
	'',
	'',
	0,
	0,
	'Enzootic Ataxia',
	'Enzootic Ataxia',
	3,
	'',
	false,
	0,
	594,
	false,
	false,
	false,
	false,
	false,
	false,
	false,
	false,
	false,
	0,
	638,
	635,
	632,
	27,
	'',
	'',
	'',
	'',
	'',
	'',
	'',
	'',
	'',
	'',
	0,
	9,
	0,
	1,
	'',
	false,
	'',
	'',
	'',
	'',
	'',
	'',
	'',
	'',
	'',
	'',
	''
);
INSERT INTO [test3] VALUES(
	47,
	'',
	'',
	'',
	0,
	0,
	'Abomasal Parasites',
	'Abomasal Parasi',
	1,
	'',
	false,
	0,
	594,
	false,
	false,
	false,
	false,
	false,
	false,
	false,
	false,
	false,
	0,
	638,
	635,
	632,
	54,
	'',
	'',
	'',
	'',
	'',
	'',
	'',
	'',
	'',
	'',
	0,
	1,
	0,
	1,
	'',
	false,
	'',
	'',
	'',
	'',
	'',
	'',
	'',
	'',
	'',
	'',
	''
);
INSERT INTO [test3] VALUES(
	63,
	'',
	'',
	'',
	0,
	0,
	'Lungworm',
	'Lungworm',
	1,
	'Dictyocaulus',
	false,
	0,
	594,
	false,
	false,
	false,
	false,
	false,
	false,
	false,
	false,
	false,
	0,
	638,
	635,
	632,
	54,
	'',
	'',
	'',
	'',
	'',
	'',
	'',
	'',
	'',
	'',
	0,
	25,
	0,
	1,
	'',
	false,
	'',
	'',
	'',
	'',
	'',
	'',
	'',
	'',
	'',
	'',
	''
);
INSERT INTO [test3] VALUES(
	49,
	'',
	'',
	'',
	0,
	0,
	'Tissue Worm',
	'Tissue Worm',
	1,
	'',
	false,
	0,
	594,
	false,
	false,
	false,
	false,
	false,
	false,
	false,
	false,
	false,
	0,
	638,
	635,
	632,
	54,
	'',
	'',
	'',
	'',
	'',
	'',
	'',
	'',
	'',
	'',
	0,
	3,
	0,
	1,
	'',
	false,
	'',
	'',
	'',
	'',
	'',
	'',
	'',
	'',
	'',
	'',
	''
);
INSERT INTO [test3] VALUES(
	72,
	'',
	'',
	'',
	0,
	0,
	'Cattle Tick',
	'Cattle Tick',
	1,
	'Haemophysalis longicornis',
	false,
	0,
	594,
	false,
	false,
	false,
	false,
	false,
	false,
	false,
	false,
	false,
	0,
	638,
	635,
	632,
	54,
	'',
	'',
	'',
	'',
	'',
	'',
	'',
	'',
	'',
	'',
	0,
	30,
	0,
	1,
	'',
	false,
	'',
	'',
	'',
	'',
	'',
	'',
	'',
	'',
	'',
	'',
	''
);
INSERT INTO [test3] VALUES(
	51,
	'',
	'',
	'',
	0,
	0,
	'Polio encephalmalacia',
	'Polio encephalm',
	3,
	'',
	false,
	0,
	594,
	false,
	false,
	false,
	false,
	false,
	false,
	false,
	false,
	false,
	0,
	638,
	635,
	632,
	27,
	'',
	'',
	'',
	'',
	'',
	'',
	'',
	'',
	'',
	'',
	0,
	17,
	0,
	1,
	'',
	false,
	'',
	'',
	'',
	'',
	'',
	'',
	'',
	'',
	'',
	'',
	''
);
INSERT INTO [test3] VALUES(
	52,
	'',
	'',
	'',
	0,
	0,
	'Stress Abortion',
	'Stress Abortion',
	3,
	'',
	false,
	0,
	594,
	false,
	false,
	false,
	false,
	false,
	false,
	false,
	false,
	false,
	0,
	638,
	635,
	632,
	27,
	'',
	'',
	'',
	'',
	'',
	'',
	'',
	'',
	'',
	'',
	0,
	18,
	0,
	1,
	'',
	false,
	'',
	'',
	'',
	'',
	'',
	'',
	'',
	'',
	'',
	'',
	''
);
INSERT INTO [test3] VALUES(
	53,
	'',
	'',
	'',
	0,
	0,
	'Copper Deficiency',
	'Copper Deficien',
	3,
	'',
	false,
	0,
	594,
	false,
	false,
	false,
	false,
	false,
	false,
	false,
	false,
	false,
	0,
	638,
	635,
	632,
	27,
	'',
	'',
	'',
	'',
	'',
	'',
	'',
	'',
	'',
	'',
	0,
	19,
	0,
	1,
	'',
	false,
	'',
	'',
	'',
	'',
	'',
	'',
	'',
	'',
	'',
	'',
	''
);
INSERT INTO [test3] VALUES(
	54,
	'',
	'',
	'',
	0,
	0,
	'Selenium Deficiency',
	'Selenium Defici',
	3,
	'',
	false,
	0,
	594,
	false,
	false,
	false,
	false,
	false,
	false,
	false,
	false,
	false,
	0,
	638,
	635,
	632,
	27,
	'',
	'',
	'',
	'',
	'',
	'',
	'',
	'',
	'',
	'',
	0,
	20,
	0,
	1,
	'',
	false,
	'',
	'',
	'',
	'',
	'',
	'',
	'',
	'',
	'',
	'',
	''
);
INSERT INTO [test3] VALUES(
	55,
	'',
	'',
	'',
	0,
	0,
	'Iodine Deficiency',
	'Iodine Deficien',
	3,
	'',
	false,
	0,
	594,
	false,
	false,
	false,
	false,
	false,
	false,
	false,
	false,
	false,
	0,
	638,
	635,
	632,
	27,
	'',
	'',
	'',
	'',
	'',
	'',
	'',
	'',
	'',
	'',
	0,
	21,
	0,
	1,
	'',
	false,
	'',
	'',
	'',
	'',
	'',
	'',
	'',
	'',
	'',
	'',
	''
);
INSERT INTO [test3] VALUES(
	78,
	'',
	'',
	'',
	0,
	0,
	'Black beetles Heteronychus spp.',
	'Black beetles H',
	1,
	'',
	false,
	0,
	594,
	false,
	false,
	false,
	false,
	false,
	false,
	false,
	false,
	false,
	0,
	638,
	635,
	632,
	54,
	'',
	'',
	'',
	'',
	'',
	'',
	'',
	'',
	'',
	'',
	0,
	32,
	0,
	0,
	'',
	false,
	'',
	'',
	'',
	'',
	'',
	'',
	'',
	'',
	'',
	'',
	''
);
INSERT INTO [test3] VALUES(
	57,
	'',
	'',
	'',
	0,
	0,
	'Gut Parasites',
	'Gut Parasites',
	1,
	'',
	false,
	0,
	594,
	false,
	false,
	false,
	false,
	false,
	false,
	false,
	false,
	false,
	0,
	638,
	635,
	632,
	54,
	'',
	'',
	'',
	'',
	'',
	'',
	'',
	'',
	'',
	'',
	0,
	20,
	0,
	1,
	'',
	false,
	'',
	'',
	'',
	'',
	'',
	'',
	'',
	'',
	'',
	'',
	''
);
INSERT INTO [test3] VALUES(
	58,
	'',
	'',
	'',
	0,
	0,
	'Haemonchus',
	'Haemonchus',
	1,
	'',
	false,
	0,
	594,
	false,
	false,
	false,
	false,
	false,
	false,
	false,
	false,
	false,
	0,
	638,
	635,
	632,
	54,
	'',
	'',
	'',
	'',
	'',
	'',
	'',
	'',
	'',
	'',
	0,
	17,
	0,
	1,
	'',
	false,
	'',
	'',
	'',
	'',
	'',
	'',
	'',
	'',
	'',
	'',
	''
);
INSERT INTO [test3] VALUES(
	59,
	'',
	'',
	'',
	0,
	0,
	'Trichostrongylus',
	'Trichostrongylu',
	1,
	'',
	false,
	0,
	594,
	false,
	false,
	false,
	false,
	false,
	false,
	false,
	false,
	false,
	0,
	638,
	635,
	632,
	54,
	'',
	'',
	'',
	'',
	'',
	'',
	'',
	'',
	'',
	'',
	0,
	18,
	0,
	1,
	'',
	false,
	'',
	'',
	'',
	'',
	'',
	'',
	'',
	'',
	'',
	'',
	''
);
INSERT INTO [test3] VALUES(
	60,
	'',
	'',
	'',
	0,
	0,
	'Nematodirus',
	'Nematodirus',
	1,
	'',
	false,
	0,
	594,
	false,
	false,
	false,
	false,
	false,
	false,
	false,
	false,
	false,
	0,
	638,
	635,
	632,
	54,
	'',
	'',
	'',
	'',
	'',
	'',
	'',
	'',
	'',
	'',
	0,
	20,
	0,
	1,
	'',
	false,
	'',
	'',
	'',
	'',
	'',
	'',
	'',
	'',
	'',
	'',
	''
);
INSERT INTO [test3] VALUES(
	61,
	'',
	'',
	'',
	0,
	0,
	'Cooperia',
	'Cooperia',
	1,
	'',
	false,
	0,
	594,
	false,
	false,
	false,
	false,
	false,
	false,
	false,
	false,
	false,
	0,
	638,
	635,
	632,
	54,
	'',
	'',
	'',
	'',
	'',
	'',
	'',
	'',
	'',
	'',
	0,
	22,
	0,
	1,
	'',
	false,
	'',
	'',
	'',
	'',
	'',
	'',
	'',
	'',
	'',
	'',
	''
);
INSERT INTO [test3] VALUES(
	64,
	'',
	'',
	'',
	0,
	0,
	'Tapeworms ',
	'Tapeworms ',
	1,
	'Cestodes',
	false,
	0,
	594,
	false,
	false,
	false,
	false,
	false,
	false,
	false,
	false,
	false,
	0,
	638,
	635,
	632,
	54,
	'',
	'',
	'',
	'',
	'',
	'',
	'',
	'',
	'',
	'',
	0,
	26,
	0,
	1,
	'',
	false,
	'',
	'',
	'',
	'',
	'',
	'',
	'',
	'',
	'',
	'',
	''
);
INSERT INTO [test3] VALUES(
	65,
	'',
	'',
	'',
	0,
	0,
	'Liver Flukes',
	'Liver Flukes',
	1,
	'Trematodes',
	false,
	0,
	594,
	false,
	false,
	false,
	false,
	false,
	false,
	false,
	false,
	false,
	0,
	638,
	635,
	632,
	54,
	'',
	'',
	'',
	'',
	'',
	'',
	'',
	'',
	'',
	'',
	0,
	22,
	0,
	1,
	'',
	false,
	'',
	'',
	'',
	'',
	'',
	'',
	'',
	'',
	'',
	'',
	''
);
INSERT INTO [test3] VALUES(
	66,
	'',
	'',
	'',
	0,
	0,
	'Roundworms',
	'Roundworms',
	1,
	'Nematodes',
	false,
	0,
	594,
	false,
	false,
	false,
	false,
	false,
	false,
	false,
	false,
	false,
	0,
	638,
	635,
	632,
	54,
	'',
	'',
	'',
	'',
	'',
	'',
	'',
	'',
	'',
	'',
	0,
	23,
	0,
	1,
	'',
	false,
	'',
	'',
	'',
	'',
	'',
	'',
	'',
	'',
	'',
	'',
	''
);
INSERT INTO [test3] VALUES(
	67,
	'',
	'',
	'',
	0,
	0,
	'Sheep Measles',
	'Sheep Measles',
	1,
	'Taenia ovis',
	false,
	0,
	594,
	false,
	false,
	false,
	false,
	false,
	false,
	false,
	false,
	false,
	0,
	638,
	635,
	632,
	54,
	'',
	'',
	'',
	'',
	'',
	'',
	'',
	'',
	'',
	'',
	0,
	24,
	0,
	1,
	'',
	false,
	'',
	'',
	'',
	'',
	'',
	'',
	'',
	'',
	'',
	'',
	''
);
INSERT INTO [test3] VALUES(
	68,
	'',
	'',
	'',
	0,
	0,
	'Cysticercus bovis',
	'Cysticercus bov',
	1,
	'',
	false,
	0,
	594,
	false,
	false,
	false,
	false,
	false,
	false,
	false,
	false,
	false,
	0,
	638,
	635,
	632,
	54,
	'',
	'',
	'',
	'',
	'',
	'',
	'',
	'',
	'',
	'',
	0,
	25,
	0,
	1,
	'',
	false,
	'',
	'',
	'',
	'',
	'',
	'',
	'',
	'',
	'',
	'',
	''
);
INSERT INTO [test3] VALUES(
	71,
	'',
	'',
	'',
	0,
	0,
	'Keds',
	'Keds',
	1,
	'Melphagus ovinus',
	false,
	0,
	594,
	false,
	false,
	false,
	false,
	false,
	false,
	false,
	false,
	false,
	0,
	638,
	635,
	632,
	54,
	'',
	'',
	'',
	'',
	'',
	'',
	'',
	'',
	'',
	'',
	0,
	28,
	0,
	1,
	'',
	false,
	'',
	'',
	'',
	'',
	'',
	'',
	'',
	'',
	'',
	'',
	''
);
INSERT INTO [test3] VALUES(
	70,
	'',
	'',
	'',
	0,
	0,
	'Blowflies',
	'Blowflies',
	1,
	'Various',
	false,
	0,
	594,
	false,
	false,
	false,
	false,
	false,
	false,
	false,
	false,
	false,
	0,
	638,
	635,
	632,
	54,
	'',
	'',
	'',
	'',
	'',
	'',
	'',
	'',
	'',
	'',
	0,
	26,
	0,
	1,
	'',
	false,
	'',
	'',
	'',
	'',
	'',
	'',
	'',
	'',
	'',
	'',
	''
);
INSERT INTO [test3] VALUES(
	73,
	'',
	'',
	'',
	0,
	0,
	'Argentine stem weevil ',
	'Argentine stem ',
	1,
	'Listronotus bonariensis',
	false,
	0,
	594,
	false,
	false,
	false,
	false,
	false,
	false,
	false,
	false,
	false,
	0,
	638,
	635,
	632,
	54,
	'',
	'',
	'',
	'',
	'',
	'',
	'',
	'',
	'',
	'',
	0,
	1,
	0,
	1,
	'',
	false,
	'',
	'',
	'',
	'',
	'',
	'',
	'',
	'',
	'',
	'',
	''
);
INSERT INTO [test3] VALUES(
	74,
	'',
	'',
	'',
	0,
	0,
	'Black beetles ',
	'Black beetles ',
	1,
	'Heteronychus spp.',
	false,
	0,
	594,
	false,
	false,
	false,
	false,
	false,
	false,
	false,
	false,
	false,
	0,
	638,
	635,
	632,
	54,
	'',
	'',
	'',
	'',
	'',
	'',
	'',
	'',
	'',
	'',
	0,
	2,
	0,
	1,
	'',
	false,
	'',
	'',
	'',
	'',
	'',
	'',
	'',
	'',
	'',
	'',
	''
);
INSERT INTO [test3] VALUES(
	75,
	'',
	'',
	'',
	0,
	0,
	'Black field cricket ',
	'Black field cri',
	1,
	'Teleogryllus commodus',
	false,
	0,
	594,
	false,
	false,
	false,
	false,
	false,
	false,
	false,
	false,
	false,
	0,
	638,
	635,
	632,
	54,
	'',
	'',
	'',
	'',
	'',
	'',
	'',
	'',
	'',
	'',
	0,
	3,
	0,
	1,
	'',
	false,
	'',
	'',
	'',
	'',
	'',
	'',
	'',
	'',
	'',
	'',
	''
);
INSERT INTO [test3] VALUES(
	76,
	'',
	'',
	'',
	0,
	0,
	'Clover casebearer ',
	'Clover casebear',
	1,
	'Coleophora alcyonipennella',
	false,
	0,
	594,
	false,
	false,
	false,
	false,
	false,
	false,
	false,
	false,
	false,
	0,
	638,
	635,
	632,
	54,
	'',
	'',
	'',
	'',
	'',
	'',
	'',
	'',
	'',
	'',
	0,
	32,
	0,
	0,
	'',
	false,
	'',
	'',
	'',
	'',
	'',
	'',
	'',
	'',
	'',
	'',
	''
);
INSERT INTO [test3] VALUES(
	79,
	'',
	'',
	'',
	0,
	0,
	'Corn aphid Rhopalosiphum maidis',
	'Corn aphid Rhop',
	1,
	'',
	false,
	0,
	594,
	false,
	false,
	false,
	false,
	false,
	false,
	false,
	false,
	false,
	0,
	638,
	635,
	632,
	54,
	'',
	'',
	'',
	'',
	'',
	'',
	'',
	'',
	'',
	'',
	0,
	32,
	0,
	0,
	'',
	false,
	'',
	'',
	'',
	'',
	'',
	'',
	'',
	'',
	'',
	'',
	''
);
INSERT INTO [test3] VALUES(
	80,
	'',
	'',
	'',
	0,
	0,
	'Cutworms Agrotis spp.',
	'Cutworms Agroti',
	1,
	'',
	false,
	0,
	594,
	false,
	false,
	false,
	false,
	false,
	false,
	false,
	false,
	false,
	0,
	638,
	635,
	632,
	54,
	'',
	'',
	'',
	'',
	'',
	'',
	'',
	'',
	'',
	'',
	0,
	32,
	0,
	0,
	'',
	false,
	'',
	'',
	'',
	'',
	'',
	'',
	'',
	'',
	'',
	'',
	''
);
INSERT INTO [test3] VALUES(
	81,
	'',
	'',
	'',
	0,
	0,
	'Diamondback moth Plutella xylostella',
	'Diamondback mot',
	1,
	'',
	false,
	0,
	594,
	false,
	false,
	false,
	false,
	false,
	false,
	false,
	false,
	false,
	0,
	638,
	635,
	632,
	54,
	'',
	'',
	'',
	'',
	'',
	'',
	'',
	'',
	'',
	'',
	0,
	32,
	0,
	0,
	'',
	false,
	'',
	'',
	'',
	'',
	'',
	'',
	'',
	'',
	'',
	'',
	''
);
INSERT INTO [test3] VALUES(
	82,
	'',
	'',
	'',
	0,
	0,
	'Barley Yellow Dwarf Virus',
	'Barley Yellow D',
	2,
	'BYDV',
	false,
	0,
	594,
	false,
	false,
	false,
	false,
	false,
	false,
	false,
	false,
	false,
	0,
	638,
	635,
	632,
	54,
	'',
	'',
	'',
	'',
	'',
	'',
	'',
	'',
	'',
	'',
	0,
	1,
	0,
	1,
	'',
	false,
	'This doesn't work yet',
	'',
	'',
	'',
	'',
	'',
	'',
	'',
	'',
	'',
	''
);
INSERT INTO [test3] VALUES(
	84,
	'',
	'',
	'',
	0,
	0,
	'Crown Rust',
	'Crown Rust',
	2,
	'',
	false,
	0,
	594,
	false,
	false,
	false,
	false,
	false,
	false,
	false,
	false,
	false,
	0,
	638,
	635,
	632,
	54,
	'',
	'',
	'',
	'',
	'',
	'',
	'',
	'',
	'',
	'',
	0,
	2,
	0,
	1,
	'',
	false,
	'This doesn't work yet',
	'',
	'',
	'',
	'',
	'',
	'',
	'',
	'',
	'',
	''
);
INSERT INTO [test3] VALUES(
	85,
	'',
	'',
	'',
	0,
	0,
	'Leaf and Awn Rust',
	'Leaf and Awn Ru',
	2,
	'',
	false,
	0,
	594,
	false,
	false,
	false,
	false,
	false,
	false,
	false,
	false,
	false,
	0,
	638,
	635,
	632,
	54,
	'',
	'',
	'',
	'',
	'',
	'',
	'',
	'',
	'',
	'',
	0,
	3,
	0,
	1,
	'',
	false,
	'This doesn't work yet',
	'',
	'',
	'',
	'',
	'',
	'',
	'',
	'',
	'',
	''
);
INSERT INTO [test3] VALUES(
	86,
	'',
	'',
	'',
	0,
	0,
	'Leaf Rust',
	'Leaf Rust',
	2,
	'Ramularia or Ovularia spot',
	false,
	0,
	594,
	false,
	false,
	false,
	false,
	false,
	false,
	false,
	false,
	false,
	0,
	638,
	635,
	632,
	54,
	'',
	'',
	'',
	'',
	'',
	'',
	'',
	'',
	'',
	'',
	0,
	4,
	0,
	1,
	'',
	false,
	'This doesn't work yet',
	'',
	'',
	'',
	'',
	'',
	'',
	'',
	'',
	'',
	''
);
INSERT INTO [test3] VALUES(
	87,
	'',
	'',
	'',
	0,
	0,
	'Northern Leaf Blight',
	'Northern Leaf B',
	2,
	'',
	false,
	0,
	594,
	false,
	false,
	false,
	false,
	false,
	false,
	false,
	false,
	false,
	0,
	638,
	635,
	632,
	54,
	'',
	'',
	'',
	'',
	'',
	'',
	'',
	'',
	'',
	'',
	0,
	6,
	0,
	1,
	'',
	false,
	'',
	'',
	'',
	'',
	'',
	'',
	'',
	'',
	'',
	'',
	''
);
INSERT INTO [test3] VALUES(
	88,
	'',
	'',
	'',
	0,
	0,
	'Net Blotch of Barley',
	'Net Blotch of B',
	2,
	'',
	false,
	0,
	594,
	false,
	false,
	false,
	false,
	false,
	false,
	false,
	false,
	false,
	0,
	638,
	635,
	632,
	54,
	'',
	'',
	'',
	'',
	'',
	'',
	'',
	'',
	'',
	'',
	0,
	7,
	0,
	1,
	'',
	false,
	'This doesn't work yet',
	'',
	'',
	'',
	'',
	'',
	'',
	'',
	'',
	'',
	''
);
INSERT INTO [test3] VALUES(
	89,
	'',
	'',
	'',
	0,
	0,
	'Powdery Mildew',
	'Powdery Mildew',
	2,
	'',
	false,
	0,
	594,
	false,
	false,
	false,
	false,
	false,
	false,
	false,
	false,
	false,
	0,
	638,
	635,
	632,
	54,
	'',
	'',
	'',
	'',
	'',
	'',
	'',
	'',
	'',
	'',
	0,
	9,
	0,
	1,
	'',
	false,
	'This doesn't work yet',
	'',
	'',
	'',
	'',
	'',
	'',
	'',
	'',
	'',
	''
);
INSERT INTO [test3] VALUES(
	90,
	'',
	'',
	'',
	0,
	0,
	'Scald',
	'Scald',
	2,
	'',
	false,
	0,
	594,
	false,
	false,
	false,
	false,
	false,
	false,
	false,
	false,
	false,
	0,
	638,
	635,
	632,
	54,
	'',
	'',
	'',
	'',
	'',
	'',
	'',
	'',
	'',
	'',
	0,
	10,
	0,
	1,
	'',
	false,
	'',
	'',
	'',
	'',
	'',
	'',
	'',
	'',
	'',
	'',
	''
);
INSERT INTO [test3] VALUES(
	91,
	'',
	'',
	'',
	0,
	0,
	'Speckled Leaf Blotch',
	'Speckled Leaf B',
	2,
	'',
	false,
	0,
	594,
	false,
	false,
	false,
	false,
	false,
	false,
	false,
	false,
	false,
	0,
	638,
	635,
	632,
	54,
	'',
	'',
	'',
	'',
	'',
	'',
	'',
	'',
	'',
	'',
	0,
	11,
	0,
	1,
	'',
	false,
	'',
	'',
	'',
	'',
	'',
	'',
	'',
	'',
	'',
	'',
	''
);
INSERT INTO [test3] VALUES(
	92,
	'',
	'',
	'',
	0,
	0,
	'Stem Rust',
	'Stem Rust',
	2,
	'',
	false,
	0,
	594,
	false,
	false,
	false,
	false,
	false,
	false,
	false,
	false,
	false,
	0,
	638,
	635,
	632,
	54,
	'',
	'',
	'',
	'',
	'',
	'',
	'',
	'',
	'',
	'',
	0,
	12,
	0,
	1,
	'',
	false,
	'',
	'',
	'',
	'',
	'',
	'',
	'',
	'',
	'',
	'',
	''
);
INSERT INTO [test3] VALUES(
	93,
	'',
	'',
	'',
	0,
	0,
	'Stripe Rust',
	'Stripe Rust',
	2,
	'',
	false,
	0,
	594,
	false,
	false,
	false,
	false,
	false,
	false,
	false,
	false,
	false,
	0,
	638,
	635,
	632,
	54,
	'',
	'',
	'',
	'',
	'',
	'',
	'',
	'',
	'',
	'',
	0,
	13,
	0,
	1,
	'',
	false,
	'',
	'',
	'',
	'',
	'',
	'',
	'',
	'',
	'',
	'',
	''
);
INSERT INTO [test3] VALUES(
	94,
	'',
	'',
	'',
	0,
	0,
	'Crown Rot',
	'Crown Rot',
	2,
	'',
	false,
	0,
	594,
	false,
	false,
	false,
	false,
	false,
	false,
	false,
	false,
	false,
	0,
	638,
	635,
	632,
	54,
	'',
	'',
	'',
	'',
	'',
	'',
	'',
	'',
	'',
	'',
	0,
	14,
	0,
	1,
	'',
	false,
	'This doesn't work yet',
	'',
	'',
	'',
	'',
	'',
	'',
	'',
	'',
	'',
	''
);
INSERT INTO [test3] VALUES(
	95,
	'',
	'',
	'',
	0,
	0,
	'Eyespot',
	'Eyespot',
	2,
	'',
	false,
	0,
	594,
	false,
	false,
	false,
	false,
	false,
	false,
	false,
	false,
	false,
	0,
	638,
	635,
	632,
	54,
	'',
	'',
	'',
	'',
	'',
	'',
	'',
	'',
	'',
	'',
	0,
	15,
	0,
	1,
	'',
	false,
	'',
	'',
	'',
	'',
	'',
	'',
	'',
	'',
	'',
	'',
	''
);
INSERT INTO [test3] VALUES(
	96,
	'',
	'',
	'',
	0,
	0,
	'Root Rots of Maize',
	'Root Rots of Ma',
	2,
	'',
	false,
	0,
	594,
	false,
	false,
	false,
	false,
	false,
	false,
	false,
	false,
	false,
	0,
	638,
	635,
	632,
	54,
	'',
	'',
	'',
	'',
	'',
	'',
	'',
	'',
	'',
	'',
	0,
	16,
	0,
	1,
	'',
	false,
	'This doesn't work yet',
	'',
	'',
	'',
	'',
	'',
	'',
	'',
	'',
	'',
	''
);
INSERT INTO [test3] VALUES(
	97,
	'',
	'',
	'',
	0,
	0,
	'Sharp Eyespot',
	'Sharp Eyespot',
	2,
	'',
	false,
	0,
	594,
	false,
	false,
	false,
	false,
	false,
	false,
	false,
	false,
	false,
	0,
	638,
	635,
	632,
	54,
	'',
	'',
	'',
	'',
	'',
	'',
	'',
	'',
	'',
	'',
	0,
	17,
	0,
	1,
	'',
	false,
	'',
	'',
	'',
	'',
	'',
	'',
	'',
	'',
	'',
	'',
	''
);
INSERT INTO [test3] VALUES(
	98,
	'',
	'',
	'',
	0,
	0,
	'Take-all',
	'Take-all',
	2,
	'',
	false,
	0,
	594,
	false,
	false,
	false,
	false,
	false,
	false,
	false,
	false,
	false,
	0,
	638,
	635,
	632,
	54,
	'',
	'',
	'',
	'',
	'',
	'',
	'',
	'',
	'',
	'',
	0,
	18,
	0,
	1,
	'',
	false,
	'',
	'',
	'',
	'',
	'',
	'',
	'',
	'',
	'',
	'',
	''
);
INSERT INTO [test3] VALUES(
	99,
	'',
	'',
	'',
	0,
	0,
	'Fusarium Head Blight',
	'Fusarium Head B',
	2,
	'Head Scab',
	false,
	0,
	594,
	false,
	false,
	false,
	false,
	false,
	false,
	false,
	false,
	false,
	0,
	638,
	635,
	632,
	54,
	'',
	'',
	'',
	'',
	'',
	'',
	'',
	'',
	'',
	'',
	0,
	19,
	0,
	1,
	'',
	false,
	'This doesn't work yet',
	'',
	'',
	'',
	'',
	'',
	'',
	'',
	'',
	'',
	''
);
INSERT INTO [test3] VALUES(
	100,
	'',
	'',
	'',
	0,
	0,
	'Smuts and Bunts',
	'Smuts and Bunts',
	2,
	'',
	false,
	0,
	594,
	false,
	false,
	false,
	false,
	false,
	false,
	false,
	false,
	false,
	0,
	638,
	635,
	632,
	54,
	'',
	'',
	'',
	'',
	'',
	'',
	'',
	'',
	'',
	'',
	0,
	20,
	0,
	1,
	'',
	false,
	'',
	'',
	'',
	'',
	'',
	'',
	'',
	'',
	'',
	'',
	''
);
INSERT INTO [test3] VALUES(
	101,
	'',
	'',
	'',
	0,
	0,
	'Aphanomyces Root Rot',
	'Aphanomyces Roo',
	2,
	'',
	false,
	0,
	594,
	false,
	false,
	false,
	false,
	false,
	false,
	false,
	false,
	false,
	0,
	638,
	635,
	632,
	54,
	'',
	'',
	'',
	'',
	'',
	'',
	'',
	'',
	'',
	'',
	0,
	21,
	0,
	1,
	'',
	false,
	'',
	'',
	'',
	'',
	'',
	'',
	'',
	'',
	'',
	'',
	''
);
INSERT INTO [test3] VALUES(
	102,
	'',
	'',
	'',
	0,
	0,
	'Ascochyta Blight',
	'Ascochyta Bligh',
	2,
	'',
	false,
	0,
	594,
	false,
	false,
	false,
	false,
	false,
	false,
	false,
	false,
	false,
	0,
	638,
	635,
	632,
	54,
	'',
	'',
	'',
	'',
	'',
	'',
	'',
	'',
	'',
	'',
	0,
	22,
	0,
	1,
	'',
	false,
	'',
	'',
	'',
	'',
	'',
	'',
	'',
	'',
	'',
	'',
	''
);
INSERT INTO [test3] VALUES(
	103,
	'',
	'',
	'',
	0,
	0,
	'Downey Mildew',
	'Downey Mildew',
	2,
	'',
	false,
	0,
	594,
	false,
	false,
	false,
	false,
	false,
	false,
	false,
	false,
	false,
	0,
	638,
	635,
	632,
	54,
	'',
	'',
	'',
	'',
	'',
	'',
	'',
	'',
	'',
	'',
	0,
	23,
	0,
	1,
	'',
	false,
	'',
	'',
	'',
	'',
	'',
	'',
	'',
	'',
	'',
	'',
	''
);
INSERT INTO [test3] VALUES(
	104,
	'',
	'',
	'',
	0,
	0,
	'Club Root',
	'Club Root',
	2,
	'',
	false,
	0,
	594,
	false,
	false,
	false,
	false,
	false,
	false,
	false,
	false,
	false,
	0,
	638,
	635,
	632,
	54,
	'',
	'',
	'',
	'',
	'',
	'',
	'',
	'',
	'',
	'',
	0,
	24,
	0,
	1,
	'',
	false,
	'',
	'',
	'',
	'',
	'',
	'',
	'',
	'',
	'',
	'',
	''
);
INSERT INTO [test3] VALUES(
	105,
	'',
	'',
	'',
	0,
	0,
	'Dampening-Off',
	'Dampening-Off',
	2,
	'',
	false,
	0,
	594,
	false,
	false,
	false,
	false,
	false,
	false,
	false,
	false,
	false,
	0,
	638,
	635,
	632,
	54,
	'',
	'',
	'',
	'',
	'',
	'',
	'',
	'',
	'',
	'',
	0,
	25,
	0,
	1,
	'',
	false,
	'',
	'',
	'',
	'',
	'',
	'',
	'',
	'',
	'',
	'',
	''
);
INSERT INTO [test3] VALUES(
	142,
	'',
	'',
	'',
	0,
	0,
	'Under shot Jaw',
	'Under shot Jaw',
	4,
	'',
	false,
	0,
	594,
	false,
	false,
	false,
	false,
	false,
	false,
	false,
	false,
	false,
	0,
	638,
	635,
	632,
	54,
	'',
	'',
	'',
	'',
	'',
	'',
	'',
	'',
	'',
	'',
	0,
	32,
	0,
	0,
	'',
	false,
	'',
	'',
	'',
	'',
	'',
	'',
	'',
	'',
	'',
	'',
	''
);
INSERT INTO [test3] VALUES(
	107,
	'',
	'',
	'',
	0,
	0,
	'Dry Rot',
	'Dry Rot',
	2,
	'',
	false,
	0,
	594,
	false,
	false,
	false,
	false,
	false,
	false,
	false,
	false,
	false,
	0,
	638,
	635,
	632,
	54,
	'',
	'',
	'',
	'',
	'',
	'',
	'',
	'',
	'',
	'',
	0,
	27,
	0,
	1,
	'',
	false,
	'',
	'',
	'',
	'',
	'',
	'',
	'',
	'',
	'',
	'',
	''
);
INSERT INTO [test3] VALUES(
	108,
	'',
	'',
	'',
	0,
	0,
	'Turnip Mosaic Virus',
	'Turnip Mosaic V',
	2,
	'',
	false,
	0,
	594,
	false,
	false,
	false,
	false,
	false,
	false,
	false,
	false,
	false,
	0,
	638,
	635,
	632,
	54,
	'',
	'',
	'',
	'',
	'',
	'',
	'',
	'',
	'',
	'',
	0,
	28,
	0,
	1,
	'',
	false,
	'',
	'',
	'',
	'',
	'',
	'',
	'',
	'',
	'',
	'',
	''
);
INSERT INTO [test3] VALUES(
	109,
	'',
	'',
	'',
	0,
	0,
	'Blind Seed',
	'Blind Seed',
	2,
	'',
	false,
	0,
	594,
	false,
	false,
	false,
	false,
	false,
	false,
	false,
	false,
	false,
	0,
	638,
	635,
	632,
	54,
	'',
	'',
	'',
	'',
	'',
	'',
	'',
	'',
	'',
	'',
	0,
	29,
	0,
	1,
	'',
	false,
	'',
	'',
	'',
	'',
	'',
	'',
	'',
	'',
	'',
	'',
	''
);
INSERT INTO [test3] VALUES(
	110,
	'',
	'',
	'',
	0,
	0,
	'Head Smut of Prairie Grass',
	'Head Smut of Pr',
	2,
	'',
	false,
	0,
	594,
	false,
	false,
	false,
	false,
	false,
	false,
	false,
	false,
	false,
	0,
	638,
	635,
	632,
	54,
	'',
	'',
	'',
	'',
	'',
	'',
	'',
	'',
	'',
	'',
	0,
	32,
	0,
	0,
	'',
	false,
	'This doesn't work yet',
	'',
	'',
	'',
	'',
	'',
	'',
	'',
	'',
	'',
	''
);
INSERT INTO [test3] VALUES(
	143,
	'',
	'',
	'',
	0,
	0,
	'Testicle Withheld',
	'Testicle Withhe',
	4,
	'',
	false,
	0,
	594,
	false,
	false,
	false,
	false,
	false,
	false,
	false,
	false,
	false,
	0,
	638,
	635,
	632,
	54,
	'',
	'',
	'',
	'',
	'',
	'',
	'',
	'',
	'',
	'',
	0,
	32,
	0,
	0,
	'',
	false,
	'',
	'',
	'',
	'',
	'',
	'',
	'',
	'',
	'',
	'',
	''
);
INSERT INTO [test3] VALUES(
	112,
	'',
	'',
	'',
	0,
	0,
	'Amaranths Amaranthus spp.',
	'Amaranths Amara',
	0,
	'',
	false,
	0,
	594,
	false,
	false,
	false,
	false,
	false,
	false,
	false,
	false,
	false,
	0,
	638,
	635,
	632,
	54,
	'',
	'',
	'',
	'',
	'',
	'',
	'',
	'',
	'',
	'',
	0,
	32,
	0,
	0,
	'',
	false,
	'',
	'',
	'',
	'',
	'',
	'',
	'',
	'',
	'',
	'',
	''
);
INSERT INTO [test3] VALUES(
	113,
	'',
	'',
	'',
	0,
	0,
	'Annual poa Poa annua',
	'Annual poa Poa ',
	0,
	'',
	false,
	0,
	594,
	false,
	false,
	false,
	false,
	false,
	false,
	false,
	false,
	false,
	0,
	638,
	635,
	632,
	54,
	'',
	'',
	'',
	'',
	'',
	'',
	'',
	'',
	'',
	'',
	0,
	32,
	0,
	0,
	'',
	false,
	'',
	'',
	'',
	'',
	'',
	'',
	'',
	'',
	'',
	'',
	''
);
INSERT INTO [test3] VALUES(
	114,
	'',
	'',
	'',
	0,
	0,
	'Annual ragweed Ambrosia artemisiifolia',
	'Annual ragweed ',
	0,
	'',
	false,
	0,
	594,
	false,
	false,
	false,
	false,
	false,
	false,
	false,
	false,
	false,
	0,
	638,
	635,
	632,
	54,
	'',
	'',
	'',
	'',
	'',
	'',
	'',
	'',
	'',
	'',
	0,
	32,
	0,
	0,
	'',
	false,
	'',
	'',
	'',
	'',
	'',
	'',
	'',
	'',
	'',
	'',
	''
);
INSERT INTO [test3] VALUES(
	115,
	'',
	'',
	'',
	0,
	0,
	'Barley - volunteer Hordeum vulgare',
	'Barley - volunt',
	0,
	'',
	false,
	0,
	594,
	false,
	false,
	false,
	false,
	false,
	false,
	false,
	false,
	false,
	0,
	638,
	635,
	632,
	54,
	'',
	'',
	'',
	'',
	'',
	'',
	'',
	'',
	'',
	'',
	0,
	32,
	0,
	0,
	'',
	false,
	'',
	'',
	'',
	'',
	'',
	'',
	'',
	'',
	'',
	'',
	''
);
INSERT INTO [test3] VALUES(
	116,
	'',
	'',
	'',
	0,
	0,
	'Barley grasses Hordeum spp.',
	'Barley grasses ',
	0,
	'',
	false,
	0,
	594,
	false,
	false,
	false,
	false,
	false,
	false,
	false,
	false,
	false,
	0,
	638,
	635,
	632,
	54,
	'',
	'',
	'',
	'',
	'',
	'',
	'',
	'',
	'',
	'',
	0,
	32,
	0,
	0,
	'',
	false,
	'',
	'',
	'',
	'',
	'',
	'',
	'',
	'',
	'',
	'',
	''
);
INSERT INTO [test3] VALUES(
	117,
	'',
	'',
	'',
	0,
	0,
	'Chickweed Stellaria media',
	'Chickweed Stell',
	0,
	'',
	false,
	0,
	594,
	false,
	false,
	false,
	false,
	false,
	false,
	false,
	false,
	false,
	0,
	638,
	635,
	632,
	54,
	'',
	'',
	'',
	'',
	'',
	'',
	'',
	'',
	'',
	'',
	0,
	32,
	0,
	0,
	'',
	false,
	'',
	'',
	'',
	'',
	'',
	'',
	'',
	'',
	'',
	'',
	''
);
INSERT INTO [test3] VALUES(
	118,
	'',
	'',
	'',
	0,
	0,
	'Cleavers Galium aparine',
	'Cleavers Galium',
	0,
	'',
	false,
	0,
	594,
	false,
	false,
	false,
	false,
	false,
	false,
	false,
	false,
	false,
	0,
	638,
	635,
	632,
	54,
	'',
	'',
	'',
	'',
	'',
	'',
	'',
	'',
	'',
	'',
	0,
	32,
	0,
	0,
	'',
	false,
	'',
	'',
	'',
	'',
	'',
	'',
	'',
	'',
	'',
	'',
	''
);
INSERT INTO [test3] VALUES(
	119,
	'',
	'',
	'',
	0,
	0,
	'Common sowthistle Sonchus oleraceus',
	'Common sowthist',
	0,
	'',
	false,
	0,
	594,
	false,
	false,
	false,
	false,
	false,
	false,
	false,
	false,
	false,
	0,
	638,
	635,
	632,
	54,
	'',
	'',
	'',
	'',
	'',
	'',
	'',
	'',
	'',
	'',
	0,
	32,
	0,
	0,
	'',
	false,
	'',
	'',
	'',
	'',
	'',
	'',
	'',
	'',
	'',
	'',
	''
);
INSERT INTO [test3] VALUES(
	120,
	'',
	'',
	'',
	0,
	0,
	'Docks Rumex spp.',
	'Docks Rumex spp',
	0,
	'',
	false,
	0,
	594,
	false,
	false,
	false,
	false,
	false,
	false,
	false,
	false,
	false,
	0,
	638,
	635,
	632,
	54,
	'',
	'',
	'',
	'',
	'',
	'',
	'',
	'',
	'',
	'',
	0,
	32,
	0,
	0,
	'',
	false,
	'',
	'',
	'',
	'',
	'',
	'',
	'',
	'',
	'',
	'',
	''
);
INSERT INTO [test3] VALUES(
	121,
	'',
	'',
	'',
	0,
	0,
	'Evening-primroses Oenothera spp.',
	'Evening-primros',
	0,
	'',
	false,
	0,
	594,
	false,
	false,
	false,
	false,
	false,
	false,
	false,
	false,
	false,
	0,
	638,
	635,
	632,
	54,
	'',
	'',
	'',
	'',
	'',
	'',
	'',
	'',
	'',
	'',
	0,
	32,
	0,
	0,
	'',
	false,
	'',
	'',
	'',
	'',
	'',
	'',
	'',
	'',
	'',
	'',
	''
);
INSERT INTO [test3] VALUES(
	122,
	'',
	'',
	'',
	0,
	0,
	'Fat hen Chenopodium album',
	'Fat hen Chenopo',
	0,
	'',
	false,
	0,
	594,
	false,
	false,
	false,
	false,
	false,
	false,
	false,
	false,
	false,
	0,
	638,
	635,
	632,
	54,
	'',
	'',
	'',
	'',
	'',
	'',
	'',
	'',
	'',
	'',
	0,
	32,
	0,
	0,
	'',
	false,
	'',
	'',
	'',
	'',
	'',
	'',
	'',
	'',
	'',
	'',
	''
);
INSERT INTO [test3] VALUES(
	123,
	'',
	'',
	'',
	0,
	0,
	'Field bindweed Convolvulus arvensis',
	'Field bindweed ',
	0,
	'',
	false,
	0,
	594,
	false,
	false,
	false,
	false,
	false,
	false,
	false,
	false,
	false,
	0,
	638,
	635,
	632,
	54,
	'',
	'',
	'',
	'',
	'',
	'',
	'',
	'',
	'',
	'',
	0,
	32,
	0,
	0,
	'',
	false,
	'',
	'',
	'',
	'',
	'',
	'',
	'',
	'',
	'',
	'',
	''
);
INSERT INTO [test3] VALUES(
	124,
	'',
	'',
	'',
	0,
	0,
	'Fumitories Fumaria spp.',
	'Fumitories Fuma',
	0,
	'',
	false,
	0,
	594,
	false,
	false,
	false,
	false,
	false,
	false,
	false,
	false,
	false,
	0,
	638,
	635,
	632,
	54,
	'',
	'',
	'',
	'',
	'',
	'',
	'',
	'',
	'',
	'',
	0,
	32,
	0,
	0,
	'',
	false,
	'',
	'',
	'',
	'',
	'',
	'',
	'',
	'',
	'',
	'',
	''
);
INSERT INTO [test3] VALUES(
	125,
	'',
	'',
	'',
	0,
	0,
	'Grass weeds',
	'Grass weeds',
	0,
	'',
	false,
	0,
	594,
	false,
	false,
	false,
	false,
	false,
	false,
	false,
	false,
	false,
	0,
	638,
	635,
	632,
	54,
	'',
	'',
	'',
	'',
	'',
	'',
	'',
	'',
	'',
	'',
	0,
	32,
	0,
	0,
	'',
	false,
	'',
	'',
	'',
	'',
	'',
	'',
	'',
	'',
	'',
	'',
	''
);
INSERT INTO [test3] VALUES(
	126,
	'',
	'',
	'',
	0,
	0,
	'Grasses - annual',
	'Grasses - annua',
	0,
	'',
	false,
	0,
	594,
	false,
	false,
	false,
	false,
	false,
	false,
	false,
	false,
	false,
	0,
	638,
	635,
	632,
	54,
	'',
	'',
	'',
	'',
	'',
	'',
	'',
	'',
	'',
	'',
	0,
	32,
	0,
	0,
	'',
	false,
	'',
	'',
	'',
	'',
	'',
	'',
	'',
	'',
	'',
	'',
	''
);
INSERT INTO [test3] VALUES(
	127,
	'',
	'',
	'',
	0,
	0,
	'Grasses - perennial',
	'Grasses - peren',
	0,
	'',
	false,
	0,
	594,
	false,
	false,
	false,
	false,
	false,
	false,
	false,
	false,
	false,
	0,
	638,
	635,
	632,
	54,
	'',
	'',
	'',
	'',
	'',
	'',
	'',
	'',
	'',
	'',
	0,
	32,
	0,
	0,
	'',
	false,
	'',
	'',
	'',
	'',
	'',
	'',
	'',
	'',
	'',
	'',
	''
);
INSERT INTO [test3] VALUES(
	128,
	'',
	'',
	'',
	0,
	0,
	'Johnson grass Sorghum halepense',
	'Johnson grass S',
	0,
	'',
	false,
	0,
	594,
	false,
	false,
	false,
	false,
	false,
	false,
	false,
	false,
	false,
	0,
	638,
	635,
	632,
	54,
	'',
	'',
	'',
	'',
	'',
	'',
	'',
	'',
	'',
	'',
	0,
	32,
	0,
	0,
	'',
	false,
	'',
	'',
	'',
	'',
	'',
	'',
	'',
	'',
	'',
	'',
	''
);
INSERT INTO [test3] VALUES(
	129,
	'',
	'',
	'',
	0,
	0,
	'Nightshades Solanum spp.',
	'Nightshades Sol',
	0,
	'',
	false,
	0,
	594,
	false,
	false,
	false,
	false,
	false,
	false,
	false,
	false,
	false,
	0,
	638,
	635,
	632,
	54,
	'',
	'',
	'',
	'',
	'',
	'',
	'',
	'',
	'',
	'',
	0,
	32,
	0,
	0,
	'',
	false,
	'',
	'',
	'',
	'',
	'',
	'',
	'',
	'',
	'',
	'',
	''
);
INSERT INTO [test3] VALUES(
	130,
	'',
	'',
	'',
	0,
	0,
	'Nodding Thistles Carduus spp.',
	'Nodding Thistle',
	0,
	'',
	false,
	0,
	594,
	false,
	false,
	false,
	false,
	false,
	false,
	false,
	false,
	false,
	0,
	638,
	635,
	632,
	54,
	'',
	'',
	'',
	'',
	'',
	'',
	'',
	'',
	'',
	'',
	0,
	32,
	0,
	0,
	'',
	false,
	'',
	'',
	'',
	'',
	'',
	'',
	'',
	'',
	'',
	'',
	''
);
INSERT INTO [test3] VALUES(
	131,
	'',
	'',
	'',
	0,
	0,
	'Perennial thistle Cirsium arvense',
	'Perennial thist',
	0,
	'',
	false,
	0,
	594,
	false,
	false,
	false,
	false,
	false,
	false,
	false,
	false,
	false,
	0,
	638,
	635,
	632,
	54,
	'',
	'',
	'',
	'',
	'',
	'',
	'',
	'',
	'',
	'',
	0,
	32,
	0,
	0,
	'',
	false,
	'',
	'',
	'',
	'',
	'',
	'',
	'',
	'',
	'',
	'',
	''
);
INSERT INTO [test3] VALUES(
	132,
	'',
	'',
	'',
	0,
	0,
	'Ragwort Senecio jacobaea',
	'Ragwort Senecio',
	0,
	'',
	false,
	0,
	594,
	false,
	false,
	false,
	false,
	false,
	false,
	false,
	false,
	false,
	0,
	638,
	635,
	632,
	54,
	'',
	'',
	'',
	'',
	'',
	'',
	'',
	'',
	'',
	'',
	0,
	32,
	0,
	0,
	'',
	false,
	'',
	'',
	'',
	'',
	'',
	'',
	'',
	'',
	'',
	'',
	''
);
INSERT INTO [test3] VALUES(
	133,
	'',
	'',
	'',
	0,
	0,
	'Rape Brassica napus var. napus',
	'Rape Brassica n',
	0,
	'',
	false,
	0,
	594,
	false,
	false,
	false,
	false,
	false,
	false,
	false,
	false,
	false,
	0,
	638,
	635,
	632,
	54,
	'',
	'',
	'',
	'',
	'',
	'',
	'',
	'',
	'',
	'',
	0,
	32,
	0,
	0,
	'',
	false,
	'',
	'',
	'',
	'',
	'',
	'',
	'',
	'',
	'',
	'',
	''
);
INSERT INTO [test3] VALUES(
	134,
	'',
	'',
	'',
	0,
	0,
	'Rapeseed Brassica rapa var. sylvestris',
	'Rapeseed Brassi',
	0,
	'',
	false,
	0,
	594,
	false,
	false,
	false,
	false,
	false,
	false,
	false,
	false,
	false,
	0,
	638,
	635,
	632,
	54,
	'',
	'',
	'',
	'',
	'',
	'',
	'',
	'',
	'',
	'',
	0,
	32,
	0,
	0,
	'',
	false,
	'',
	'',
	'',
	'',
	'',
	'',
	'',
	'',
	'',
	'',
	''
);
INSERT INTO [test3] VALUES(
	135,
	'',
	'',
	'',
	0,
	0,
	'Rushes Juncus spp.',
	'Rushes Juncus s',
	0,
	'',
	false,
	0,
	594,
	false,
	false,
	false,
	false,
	false,
	false,
	false,
	false,
	false,
	0,
	638,
	635,
	632,
	54,
	'',
	'',
	'',
	'',
	'',
	'',
	'',
	'',
	'',
	'',
	0,
	32,
	0,
	0,
	'',
	false,
	'',
	'',
	'',
	'',
	'',
	'',
	'',
	'',
	'',
	'',
	''
);
INSERT INTO [test3] VALUES(
	136,
	'',
	'',
	'',
	0,
	0,
	'Scotch thistle Onopordum acanthium',
	'Scotch thistle ',
	0,
	'',
	false,
	0,
	594,
	false,
	false,
	false,
	false,
	false,
	false,
	false,
	false,
	false,
	0,
	638,
	635,
	632,
	54,
	'',
	'',
	'',
	'',
	'',
	'',
	'',
	'',
	'',
	'',
	0,
	32,
	0,
	0,
	'',
	false,
	'',
	'',
	'',
	'',
	'',
	'',
	'',
	'',
	'',
	'',
	''
);
INSERT INTO [test3] VALUES(
	137,
	'',
	'',
	'',
	0,
	0,
	'Shepherd's purse Capsella bursa-pastoris',
	'Shepherd's purs',
	0,
	'',
	false,
	0,
	594,
	false,
	false,
	false,
	false,
	false,
	false,
	false,
	false,
	false,
	0,
	638,
	635,
	632,
	54,
	'',
	'',
	'',
	'',
	'',
	'',
	'',
	'',
	'',
	'',
	0,
	32,
	0,
	0,
	'',
	false,
	'',
	'',
	'',
	'',
	'',
	'',
	'',
	'',
	'',
	'',
	''
);
INSERT INTO [test3] VALUES(
	138,
	'',
	'',
	'',
	0,
	0,
	'Sorrel Rumex acetosella',
	'Sorrel Rumex ac',
	0,
	'',
	false,
	0,
	594,
	false,
	false,
	false,
	false,
	false,
	false,
	false,
	false,
	false,
	0,
	638,
	635,
	632,
	54,
	'',
	'',
	'',
	'',
	'',
	'',
	'',
	'',
	'',
	'',
	0,
	32,
	0,
	0,
	'',
	false,
	'',
	'',
	'',
	'',
	'',
	'',
	'',
	'',
	'',
	'',
	''
);
INSERT INTO [test3] VALUES(
	139,
	'',
	'',
	'',
	0,
	0,
	'Thistles',
	'Thistles',
	0,
	'',
	false,
	0,
	594,
	false,
	false,
	false,
	false,
	false,
	false,
	false,
	false,
	false,
	0,
	638,
	635,
	632,
	54,
	'',
	'',
	'',
	'',
	'',
	'',
	'',
	'',
	'',
	'',
	0,
	32,
	0,
	0,
	'',
	false,
	'',
	'',
	'',
	'',
	'',
	'',
	'',
	'',
	'',
	'',
	''
);
INSERT INTO [test3] VALUES(
	140,
	'',
	'',
	'',
	0,
	0,
	'Vetches Vicia spp.',
	'Vetches Vicia s',
	0,
	'',
	false,
	0,
	594,
	false,
	false,
	false,
	false,
	false,
	false,
	false,
	false,
	false,
	0,
	638,
	635,
	632,
	54,
	'',
	'',
	'',
	'',
	'',
	'',
	'',
	'',
	'',
	'',
	0,
	32,
	0,
	0,
	'',
	false,
	'',
	'',
	'',
	'',
	'',
	'',
	'',
	'',
	'',
	'',
	''
);
INSERT INTO [test3] VALUES(
	141,
	'',
	'',
	'',
	0,
	0,
	'Wild oats Avena fatua',
	'Wild oats Avena',
	0,
	'',
	false,
	0,
	594,
	false,
	false,
	false,
	false,
	false,
	false,
	false,
	false,
	false,
	0,
	638,
	635,
	632,
	54,
	'',
	'',
	'',
	'',
	'',
	'',
	'',
	'',
	'',
	'',
	0,
	32,
	0,
	0,
	'',
	false,
	'',
	'',
	'',
	'',
	'',
	'',
	'',
	'',
	'',
	'',
	''
);
